PS C:\Users\tirth\OneDrive\Desktop\MERN Stack\Node JS\streams> npm init
This utility will walk you through creating a package.json file.
It only covers the most common items, and tries to guess sensible defaults.

See `npm help init` for definitive documentation on these fields
and exactly what they do.

Use `npm install <pkg>` afterwards to install a package and
save it as a dependency in the package.json file.

Press ^C at any time to quit.
package name: (streams)
version: (1.0.0)                                                                     
description:                                                                         
entry point: (index.js)                                                              
test command:                                                                        
git repository:                                                                      
keywords:                                                                            
author:                                                                              
license: (ISC)                                                                       
About to write to C:\Users\tirth\OneDrive\Desktop\MERN Stack\Node JS\streams\package.json:

{
  "name": "streams",
  "version": "1.0.0",
  "description": "",
  "main": "index.js",
  "scripts": {
    "test": "echo \"Error: no test specified\" && exit 1"
  },
  "author": "",
  "license": "ISC"
}


Is this OK? (yes)
PS C:\Users\tirth\OneDrive\Desktop\MERN Stack\Node JS\streams> npm i express

added 64 packages, and audited 65 packages in 10s

12 packages are looking for funding
  run `npm fund` for details

found 0 vulnerabilities
PS C:\Users\tirth\OneDrive\Desktop\MERN Stack\Node JS\streams> npm i fs

added 1 package, and audited 66 packages in 1s

12 packages are looking for funding
  run `npm fund` for details

found 0 vulnerabilities
PS C:\Users\tirth\OneDrive\Desktop\MERN Stack\Node JS\streams> nodemon index.js
[nodemon] 3.1.0
[nodemon] to restart at any time, enter `rs`
[nodemon] watching path(s): *.*
[nodemon] watching extensions: js,mjs,cjs,json
[nodemon] starting `node index.js`
Server Started
PS C:\Users\tirth\OneDrive\Desktop\MERN Stack\Node JS\streams> npm init
This utility will walk you through creating a package.json file.
It only covers the most common items, and tries to guess sensible defaults.

See `npm help init` for definitive documentation on these fields
and exactly what they do.

Use `npm install <pkg>` afterwards to install a package and
save it as a dependency in the package.json file.

Press ^C at any time to quit.
package name: (streams)
version: (1.0.0)                                                                     
description:                                                                         
entry point: (index.js)                                                              
test command:                                                                        
git repository:                                                                      
keywords:                                                                            
author:                                                                              
license: (ISC)                                                                       
About to write to C:\Users\tirth\OneDrive\Desktop\MERN Stack\Node JS\streams\package.json:

{
  "name": "streams",
  "version": "1.0.0",
  "description": "",
  "main": "index.js",
  "scripts": {
    "test": "echo \"Error: no test specified\" && exit 1"
  },
  "author": "",
  "license": "ISC"
}


Is this OK? (yes)
PS C:\Users\tirth\OneDrive\Desktop\MERN Stack\Node JS\streams> npm i express

added 64 packages, and audited 65 packages in 10s

12 packages are looking for funding
  run `npm fund` for details

found 0 vulnerabilities
PS C:\Users\tirth\OneDrive\Desktop\MERN Stack\Node JS\streams> npm i fs

added 1 package, and audited 66 packages in 1s

12 packages are looking for funding
  run `npm fund` for details

found 0 vulnerabilities
PS C:\Users\tirth\OneDrive\Desktop\MERN Stack\Node JS\streams> nodemon index.js
[nodemon] 3.1.0
[nodemon] to restart at any time, enter `rs`
[nodemon] watching path(s): *.*
[nodemon] watching extensions: js,mjs,cjs,json
[nodemon] starting `node index.js`
Server Started
PS C:\Users\tirth\OneDrive\Desktop\MERN Stack\Node JS\streams> npm init
This utility will walk you through creating a package.json file.
It only covers the most common items, and tries to guess sensible defaults.

See `npm help init` for definitive documentation on these fields
and exactly what they do.

Use `npm install <pkg>` afterwards to install a package and
save it as a dependency in the package.json file.

Press ^C at any time to quit.
package name: (streams)
version: (1.0.0)                                                                     
description:                                                                         
entry point: (index.js)                                                              
test command:                                                                        
git repository:                                                                      
keywords:                                                                            
author:                                                                              
license: (ISC)                                                                       
About to write to C:\Users\tirth\OneDrive\Desktop\MERN Stack\Node JS\streams\package.json:

{
  "name": "streams",
  "version": "1.0.0",
  "description": "",
  "main": "index.js",
  "scripts": {
    "test": "echo \"Error: no test specified\" && exit 1"
  },
  "author": "",
  "license": "ISC"
}


Is this OK? (yes)
PS C:\Users\tirth\OneDrive\Desktop\MERN Stack\Node JS\streams> npm i express

added 64 packages, and audited 65 packages in 10s

12 packages are looking for funding
  run `npm fund` for details

found 0 vulnerabilities
PS C:\Users\tirth\OneDrive\Desktop\MERN Stack\Node JS\streams> npm i fs

added 1 package, and audited 66 packages in 1s

12 packages are looking for funding
  run `npm fund` for details

found 0 vulnerabilities
PS C:\Users\tirth\OneDrive\Desktop\MERN Stack\Node JS\streams> nodemon index.js
[nodemon] 3.1.0
[nodemon] to restart at any time, enter `rs`
[nodemon] watching path(s): *.*
[nodemon] watching extensions: js,mjs,cjs,json
[nodemon] starting `node index.js`
Server Started
PS C:\Users\tirth\OneDrive\Desktop\MERN Stack\Node JS\streams> npm init
This utility will walk you through creating a package.json file.
It only covers the most common items, and tries to guess sensible defaults.

See `npm help init` for definitive documentation on these fields
and exactly what they do.

Use `npm install <pkg>` afterwards to install a package and
save it as a dependency in the package.json file.

Press ^C at any time to quit.
package name: (streams)
version: (1.0.0)                                                                     
description:                                                                         
entry point: (index.js)                                                              
test command:                                                                        
git repository:                                                                      
keywords:                                                                            
author:                                                                              
license: (ISC)                                                                       
About to write to C:\Users\tirth\OneDrive\Desktop\MERN Stack\Node JS\streams\package.json:

{
  "name": "streams",
  "version": "1.0.0",
  "description": "",
  "main": "index.js",
  "scripts": {
    "test": "echo \"Error: no test specified\" && exit 1"
  },
  "author": "",
  "license": "ISC"
}


Is this OK? (yes)
PS C:\Users\tirth\OneDrive\Desktop\MERN Stack\Node JS\streams> npm i express

added 64 packages, and audited 65 packages in 10s

12 packages are looking for funding
  run `npm fund` for details

found 0 vulnerabilities
PS C:\Users\tirth\OneDrive\Desktop\MERN Stack\Node JS\streams> npm i fs

added 1 package, and audited 66 packages in 1s

12 packages are looking for funding
  run `npm fund` for details

found 0 vulnerabilities
PS C:\Users\tirth\OneDrive\Desktop\MERN Stack\Node JS\streams> nodemon index.js
[nodemon] 3.1.0
[nodemon] to restart at any time, enter `rs`
[nodemon] watching path(s): *.*
[nodemon] watching extensions: js,mjs,cjs,json
[nodemon] starting `node index.js`
Server StartedPS C:\Users\tirth\OneDrive\Desktop\MERN Stack\Node JS\streams> npm init
This utility will walk you through creating a package.json file.
It only covers the most common items, and tries to guess sensible defaults.

See `npm help init` for definitive documentation on these fields
and exactly what they do.

Use `npm install <pkg>` afterwards to install a package and
save it as a dependency in the package.json file.

Press ^C at any time to quit.
package name: (streams)
version: (1.0.0)                                                                     
description:                                                                         
entry point: (index.js)                                                              
test command:                                                                        
git repository:                                                                      
keywords:                                                                            
author:                                                                              
license: (ISC)                                                                       
About to write to C:\Users\tirth\OneDrive\Desktop\MERN Stack\Node JS\streams\package.json:

{
  "name": "streams",
  "version": "1.0.0",
  "description": "",
  "main": "index.js",
  "scripts": {
    "test": "echo \"Error: no test specified\" && exit 1"
  },
  "author": "",
  "license": "ISC"
}


Is this OK? (yes)
PS C:\Users\tirth\OneDrive\Desktop\MERN Stack\Node JS\streams> npm i express

added 64 packages, and audited 65 packages in 10s

12 packages are looking for funding
  run `npm fund` for details

found 0 vulnerabilities
PS C:\Users\tirth\OneDrive\Desktop\MERN Stack\Node JS\streams> npm i fs

added 1 package, and audited 66 packages in 1s

12 packages are looking for funding
  run `npm fund` for details

found 0 vulnerabilities
PS C:\Users\tirth\OneDrive\Desktop\MERN Stack\Node JS\streams> nodemon index.js
[nodemon] 3.1.0
[nodemon] to restart at any time, enter `rs`
[nodemon] watching path(s): *.*
[nodemon] watching extensions: js,mjs,cjs,json
[nodemon] starting `node index.js`
Server StartedPS C:\Users\tirth\OneDrive\Desktop\MERN Stack\Node JS\streams> npm init
This utility will walk you through creating a package.json file.
It only covers the most common items, and tries to guess sensible defaults.

See `npm help init` for definitive documentation on these fields
and exactly what they do.

Use `npm install <pkg>` afterwards to install a package and
save it as a dependency in the package.json file.

Press ^C at any time to quit.
package name: (streams)
version: (1.0.0)                                                                     
description:                                                                         
entry point: (index.js)                                                              
test command:                                                                        
git repository:                                                                      
keywords:                                                                            
author:                                                                              
license: (ISC)                                                                       
About to write to C:\Users\tirth\OneDrive\Desktop\MERN Stack\Node JS\streams\package.json:

{
  "name": "streams",
  "version": "1.0.0",
  "description": "",
  "main": "index.js",
  "scripts": {
    "test": "echo \"Error: no test specified\" && exit 1"
  },
  "author": "",
  "license": "ISC"
}


Is this OK? (yes)
PS C:\Users\tirth\OneDrive\Desktop\MERN Stack\Node JS\streams> npm i express

added 64 packages, and audited 65 packages in 10s

12 packages are looking for funding
  run `npm fund` for details

found 0 vulnerabilities
PS C:\Users\tirth\OneDrive\Desktop\MERN Stack\Node JS\streams> npm i fs

added 1 package, and audited 66 packages in 1s

12 packages are looking for funding
  run `npm fund` for details

found 0 vulnerabilities
PS C:\Users\tirth\OneDrive\Desktop\MERN Stack\Node JS\streams> nodemon index.js
[nodemon] 3.1.0
[nodemon] to restart at any time, enter `rs`
[nodemon] watching path(s): *.*
[nodemon] watching extensions: js,mjs,cjs,json
[nodemon] starting `node index.js`
Server StartedPS C:\Users\tirth\OneDrive\Desktop\MERN Stack\Node JS\streams> npm init
This utility will walk you through creating a package.json file.
It only covers the most common items, and tries to guess sensible defaults.

See `npm help init` for definitive documentation on these fields
and exactly what they do.

Use `npm install <pkg>` afterwards to install a package and
save it as a dependency in the package.json file.

Press ^C at any time to quit.
package name: (streams)
version: (1.0.0)                                                                     
description:                                                                         
entry point: (index.js)                                                              
test command:                                                                        
git repository:                                                                      
keywords:                                                                            
author:                                                                              
license: (ISC)                                                                       
About to write to C:\Users\tirth\OneDrive\Desktop\MERN Stack\Node JS\streams\package.json:

{
  "name": "streams",
  "version": "1.0.0",
  "description": "",
  "main": "index.js",
  "scripts": {
    "test": "echo \"Error: no test specified\" && exit 1"
  },
  "author": "",
  "license": "ISC"
}


Is this OK? (yes)
PS C:\Users\tirth\OneDrive\Desktop\MERN Stack\Node JS\streams> npm i express

added 64 packages, and audited 65 packages in 10s

12 packages are looking for funding
  run `npm fund` for details

found 0 vulnerabilities
PS C:\Users\tirth\OneDrive\Desktop\MERN Stack\Node JS\streams> npm i fs

added 1 package, and audited 66 packages in 1s

12 packages are looking for funding
  run `npm fund` for details

found 0 vulnerabilities
PS C:\Users\tirth\OneDrive\Desktop\MERN Stack\Node JS\streams> nodemon index.js
[nodemon] 3.1.0
[nodemon] to restart at any time, enter `rs`
[nodemon] watching path(s): *.*
[nodemon] watching extensions: js,mjs,cjs,json
[nodemon] starting `node index.js`
Server StartedPS C:\Users\tirth\OneDrive\Desktop\MERN Stack\Node JS\streams> npm init
This utility will walk you through creating a package.json file.
It only covers the most common items, and tries to guess sensible defaults.

See `npm help init` for definitive documentation on these fields
and exactly what they do.

Use `npm install <pkg>` afterwards to install a package and
save it as a dependency in the package.json file.

Press ^C at any time to quit.
package name: (streams)
version: (1.0.0)                                                                     
description:                                                                         
entry point: (index.js)                                                              
test command:                                                                        
git repository:                                                                      
keywords:                                                                            
author:                                                                              
license: (ISC)                                                                       
About to write to C:\Users\tirth\OneDrive\Desktop\MERN Stack\Node JS\streams\package.json:

{
  "name": "streams",
  "version": "1.0.0",
  "description": "",
  "main": "index.js",
  "scripts": {
    "test": "echo \"Error: no test specified\" && exit 1"
  },
  "author": "",
  "license": "ISC"
}


Is this OK? (yes)
PS C:\Users\tirth\OneDrive\Desktop\MERN Stack\Node JS\streams> npm i express

added 64 packages, and audited 65 packages in 10s

12 packages are looking for funding
  run `npm fund` for details

found 0 vulnerabilities
PS C:\Users\tirth\OneDrive\Desktop\MERN Stack\Node JS\streams> npm i fs

added 1 package, and audited 66 packages in 1s

12 packages are looking for funding
  run `npm fund` for details

found 0 vulnerabilities
PS C:\Users\tirth\OneDrive\Desktop\MERN Stack\Node JS\streams> nodemon index.js
[nodemon] 3.1.0
[nodemon] to restart at any time, enter `rs`
[nodemon] watching path(s): *.*
[nodemon] watching extensions: js,mjs,cjs,json
[nodemon] starting `node index.js`
Server StartedPS C:\Users\tirth\OneDrive\Desktop\MERN Stack\Node JS\streams> npm init
This utility will walk you through creating a package.json file.
It only covers the most common items, and tries to guess sensible defaults.

See `npm help init` for definitive documentation on these fields
and exactly what they do.

Use `npm install <pkg>` afterwards to install a package and
save it as a dependency in the package.json file.

Press ^C at any time to quit.
package name: (streams)
version: (1.0.0)                                                                     
description:                                                                         
entry point: (index.js)                                                              
test command:                                                                        
git repository:                                                                      
keywords:                                                                            
author:                                                                              
license: (ISC)                                                                       
About to write to C:\Users\tirth\OneDrive\Desktop\MERN Stack\Node JS\streams\package.json:

{
  "name": "streams",
  "version": "1.0.0",
  "description": "",
  "main": "index.js",
  "scripts": {
    "test": "echo \"Error: no test specified\" && exit 1"
  },
  "author": "",
  "license": "ISC"
}


Is this OK? (yes)
PS C:\Users\tirth\OneDrive\Desktop\MERN Stack\Node JS\streams> npm i express

added 64 packages, and audited 65 packages in 10s

12 packages are looking for funding
  run `npm fund` for details

found 0 vulnerabilities
PS C:\Users\tirth\OneDrive\Desktop\MERN Stack\Node JS\streams> npm i fs

added 1 package, and audited 66 packages in 1s

12 packages are looking for funding
  run `npm fund` for details

found 0 vulnerabilities
PS C:\Users\tirth\OneDrive\Desktop\MERN Stack\Node JS\streams> nodemon index.js
[nodemon] 3.1.0
[nodemon] to restart at any time, enter `rs`
[nodemon] watching path(s): *.*
[nodemon] watching extensions: js,mjs,cjs,json
[nodemon] starting `node index.js`
Server StartedPS C:\Users\tirth\OneDrive\Desktop\MERN Stack\Node JS\streams> npm init
This utility will walk you through creating a package.json file.
It only covers the most common items, and tries to guess sensible defaults.

See `npm help init` for definitive documentation on these fields
and exactly what they do.

Use `npm install <pkg>` afterwards to install a package and
save it as a dependency in the package.json file.

Press ^C at any time to quit.
package name: (streams)
version: (1.0.0)                                                                     
description:                                                                         
entry point: (index.js)                                                              
test command:                                                                        
git repository:                                                                      
keywords:                                                                            
author:                                                                              
license: (ISC)                                                                       
About to write to C:\Users\tirth\OneDrive\Desktop\MERN Stack\Node JS\streams\package.json:

{
  "name": "streams",
  "version": "1.0.0",
  "description": "",
  "main": "index.js",
  "scripts": {
    "test": "echo \"Error: no test specified\" && exit 1"
  },
  "author": "",
  "license": "ISC"
}


Is this OK? (yes)
PS C:\Users\tirth\OneDrive\Desktop\MERN Stack\Node JS\streams> npm i express

added 64 packages, and audited 65 packages in 10s

12 packages are looking for funding
  run `npm fund` for details

found 0 vulnerabilities
PS C:\Users\tirth\OneDrive\Desktop\MERN Stack\Node JS\streams> npm i fs

added 1 package, and audited 66 packages in 1s

12 packages are looking for funding
  run `npm fund` for details

found 0 vulnerabilities
PS C:\Users\tirth\OneDrive\Desktop\MERN Stack\Node JS\streams> nodemon index.js
[nodemon] 3.1.0
[nodemon] to restart at any time, enter `rs`
[nodemon] watching path(s): *.*
[nodemon] watching extensions: js,mjs,cjs,json
[nodemon] starting `node index.js`
Server StartedPS C:\Users\tirth\OneDrive\Desktop\MERN Stack\Node JS\streams> npm init
This utility will walk you through creating a package.json file.
It only covers the most common items, and tries to guess sensible defaults.

See `npm help init` for definitive documentation on these fields
and exactly what they do.

Use `npm install <pkg>` afterwards to install a package and
save it as a dependency in the package.json file.

Press ^C at any time to quit.
package name: (streams)
version: (1.0.0)                                                                     
description:                                                                         
entry point: (index.js)                                                              
test command:                                                                        
git repository:                                                                      
keywords:                                                                            
author:                                                                              
license: (ISC)                                                                       
About to write to C:\Users\tirth\OneDrive\Desktop\MERN Stack\Node JS\streams\package.json:

{
  "name": "streams",
  "version": "1.0.0",
  "description": "",
  "main": "index.js",
  "scripts": {
    "test": "echo \"Error: no test specified\" && exit 1"
  },
  "author": "",
  "license": "ISC"
}


Is this OK? (yes)
PS C:\Users\tirth\OneDrive\Desktop\MERN Stack\Node JS\streams> npm i express

added 64 packages, and audited 65 packages in 10s

12 packages are looking for funding
  run `npm fund` for details

found 0 vulnerabilities
PS C:\Users\tirth\OneDrive\Desktop\MERN Stack\Node JS\streams> npm i fs

added 1 package, and audited 66 packages in 1s

12 packages are looking for funding
  run `npm fund` for details

found 0 vulnerabilities
PS C:\Users\tirth\OneDrive\Desktop\MERN Stack\Node JS\streams> nodemon index.js
[nodemon] 3.1.0
[nodemon] to restart at any time, enter `rs`
[nodemon] watching path(s): *.*
[nodemon] watching extensions: js,mjs,cjs,json
[nodemon] starting `node index.js`
Server StartedPS C:\Users\tirth\OneDrive\Desktop\MERN Stack\Node JS\streams> npm init
This utility will walk you through creating a package.json file.
It only covers the most common items, and tries to guess sensible defaults.

See `npm help init` for definitive documentation on these fields
and exactly what they do.

Use `npm install <pkg>` afterwards to install a package and
save it as a dependency in the package.json file.

Press ^C at any time to quit.
package name: (streams)
version: (1.0.0)                                                                     
description:                                                                         
entry point: (index.js)                                                              
test command:                                                                        
git repository:                                                                      
keywords:                                                                            
author:                                                                              
license: (ISC)                                                                       
About to write to C:\Users\tirth\OneDrive\Desktop\MERN Stack\Node JS\streams\package.json:

{
  "name": "streams",
  "version": "1.0.0",
  "description": "",
  "main": "index.js",
  "scripts": {
    "test": "echo \"Error: no test specified\" && exit 1"
  },
  "author": "",
  "license": "ISC"
}


Is this OK? (yes)
PS C:\Users\tirth\OneDrive\Desktop\MERN Stack\Node JS\streams> npm i express

added 64 packages, and audited 65 packages in 10s

12 packages are looking for funding
  run `npm fund` for details

found 0 vulnerabilities
PS C:\Users\tirth\OneDrive\Desktop\MERN Stack\Node JS\streams> npm i fs

added 1 package, and audited 66 packages in 1s

12 packages are looking for funding
  run `npm fund` for details

found 0 vulnerabilities
PS C:\Users\tirth\OneDrive\Desktop\MERN Stack\Node JS\streams> nodemon index.js
[nodemon] 3.1.0
[nodemon] to restart at any time, enter `rs`
[nodemon] watching path(s): *.*
[nodemon] watching extensions: js,mjs,cjs,json
[nodemon] starting `node index.js`
Server StartedPS C:\Users\tirth\OneDrive\Desktop\MERN Stack\Node JS\streams> npm init
This utility will walk you through creating a package.json file.
It only covers the most common items, and tries to guess sensible defaults.

See `npm help init` for definitive documentation on these fields
and exactly what they do.

Use `npm install <pkg>` afterwards to install a package and
save it as a dependency in the package.json file.

Press ^C at any time to quit.
package name: (streams)
version: (1.0.0)                                                                     
description:                                                                         
entry point: (index.js)                                                              
test command:                                                                        
git repository:                                                                      
keywords:                                                                            
author:                                                                              
license: (ISC)                                                                       
About to write to C:\Users\tirth\OneDrive\Desktop\MERN Stack\Node JS\streams\package.json:

{
  "name": "streams",
  "version": "1.0.0",
  "description": "",
  "main": "index.js",
  "scripts": {
    "test": "echo \"Error: no test specified\" && exit 1"
  },
  "author": "",
  "license": "ISC"
}


Is this OK? (yes)
PS C:\Users\tirth\OneDrive\Desktop\MERN Stack\Node JS\streams> npm i express

added 64 packages, and audited 65 packages in 10s

12 packages are looking for funding
  run `npm fund` for details

found 0 vulnerabilities
PS C:\Users\tirth\OneDrive\Desktop\MERN Stack\Node JS\streams> npm i fs

added 1 package, and audited 66 packages in 1s

12 packages are looking for funding
  run `npm fund` for details

found 0 vulnerabilities
PS C:\Users\tirth\OneDrive\Desktop\MERN Stack\Node JS\streams> nodemon index.js
[nodemon] 3.1.0
[nodemon] to restart at any time, enter `rs`
[nodemon] watching path(s): *.*
[nodemon] watching extensions: js,mjs,cjs,json
[nodemon] starting `node index.js`
Server StartedPS C:\Users\tirth\OneDrive\Desktop\MERN Stack\Node JS\streams> npm init
This utility will walk you through creating a package.json file.
It only covers the most common items, and tries to guess sensible defaults.

See `npm help init` for definitive documentation on these fields
and exactly what they do.

Use `npm install <pkg>` afterwards to install a package and
save it as a dependency in the package.json file.

Press ^C at any time to quit.
package name: (streams)
version: (1.0.0)                                                                     
description:                                                                         
entry point: (index.js)                                                              
test command:                                                                        
git repository:                                                                      
keywords:                                                                            
author:                                                                              
license: (ISC)                                                                       
About to write to C:\Users\tirth\OneDrive\Desktop\MERN Stack\Node JS\streams\package.json:

{
  "name": "streams",
  "version": "1.0.0",
  "description": "",
  "main": "index.js",
  "scripts": {
    "test": "echo \"Error: no test specified\" && exit 1"
  },
  "author": "",
  "license": "ISC"
}


Is this OK? (yes)
PS C:\Users\tirth\OneDrive\Desktop\MERN Stack\Node JS\streams> npm i express

added 64 packages, and audited 65 packages in 10s

12 packages are looking for funding
  run `npm fund` for details

found 0 vulnerabilities
PS C:\Users\tirth\OneDrive\Desktop\MERN Stack\Node JS\streams> npm i fs

added 1 package, and audited 66 packages in 1s

12 packages are looking for funding
  run `npm fund` for details

found 0 vulnerabilities
PS C:\Users\tirth\OneDrive\Desktop\MERN Stack\Node JS\streams> nodemon index.js
[nodemon] 3.1.0
[nodemon] to restart at any time, enter `rs`
[nodemon] watching path(s): *.*
[nodemon] watching extensions: js,mjs,cjs,json
[nodemon] starting `node index.js`
Server StartedPS C:\Users\tirth\OneDrive\Desktop\MERN Stack\Node JS\streams> npm init
This utility will walk you through creating a package.json file.
It only covers the most common items, and tries to guess sensible defaults.

See `npm help init` for definitive documentation on these fields
and exactly what they do.

Use `npm install <pkg>` afterwards to install a package and
save it as a dependency in the package.json file.

Press ^C at any time to quit.
package name: (streams)
version: (1.0.0)                                                                     
description:                                                                         
entry point: (index.js)                                                              
test command:                                                                        
git repository:                                                                      
keywords:                                                                            
author:                                                                              
license: (ISC)                                                                       
About to write to C:\Users\tirth\OneDrive\Desktop\MERN Stack\Node JS\streams\package.json:

{
  "name": "streams",
  "version": "1.0.0",
  "description": "",
  "main": "index.js",
  "scripts": {
    "test": "echo \"Error: no test specified\" && exit 1"
  },
  "author": "",
  "license": "ISC"
}


Is this OK? (yes)
PS C:\Users\tirth\OneDrive\Desktop\MERN Stack\Node JS\streams> npm i express

added 64 packages, and audited 65 packages in 10s

12 packages are looking for funding
  run `npm fund` for details

found 0 vulnerabilities
PS C:\Users\tirth\OneDrive\Desktop\MERN Stack\Node JS\streams> npm i fs

added 1 package, and audited 66 packages in 1s

12 packages are looking for funding
  run `npm fund` for details

found 0 vulnerabilities
PS C:\Users\tirth\OneDrive\Desktop\MERN Stack\Node JS\streams> nodemon index.js
[nodemon] 3.1.0
[nodemon] to restart at any time, enter `rs`
[nodemon] watching path(s): *.*
[nodemon] watching extensions: js,mjs,cjs,json
[nodemon] starting `node index.js`
Server StartedPS C:\Users\tirth\OneDrive\Desktop\MERN Stack\Node JS\streams> npm init
This utility will walk you through creating a package.json file.
It only covers the most common items, and tries to guess sensible defaults.

See `npm help init` for definitive documentation on these fields
and exactly what they do.

Use `npm install <pkg>` afterwards to install a package and
save it as a dependency in the package.json file.

Press ^C at any time to quit.
package name: (streams)
version: (1.0.0)                                                                     
description:                                                                         
entry point: (index.js)                                                              
test command:                                                                        
git repository:                                                                      
keywords:                                                                            
author:                                                                              
license: (ISC)                                                                       
About to write to C:\Users\tirth\OneDrive\Desktop\MERN Stack\Node JS\streams\package.json:

{
  "name": "streams",
  "version": "1.0.0",
  "description": "",
  "main": "index.js",
  "scripts": {
    "test": "echo \"Error: no test specified\" && exit 1"
  },
  "author": "",
  "license": "ISC"
}


Is this OK? (yes)
PS C:\Users\tirth\OneDrive\Desktop\MERN Stack\Node JS\streams> npm i express

added 64 packages, and audited 65 packages in 10s

12 packages are looking for funding
  run `npm fund` for details

found 0 vulnerabilities
PS C:\Users\tirth\OneDrive\Desktop\MERN Stack\Node JS\streams> npm i fs

added 1 package, and audited 66 packages in 1s

12 packages are looking for funding
  run `npm fund` for details

found 0 vulnerabilities
PS C:\Users\tirth\OneDrive\Desktop\MERN Stack\Node JS\streams> nodemon index.js
[nodemon] 3.1.0
[nodemon] to restart at any time, enter `rs`
[nodemon] watching path(s): *.*
[nodemon] watching extensions: js,mjs,cjs,json
[nodemon] starting `node index.js`
Server StartedPS C:\Users\tirth\OneDrive\Desktop\MERN Stack\Node JS\streams> npm init
This utility will walk you through creating a package.json file.
It only covers the most common items, and tries to guess sensible defaults.

See `npm help init` for definitive documentation on these fields
and exactly what they do.

Use `npm install <pkg>` afterwards to install a package and
save it as a dependency in the package.json file.

Press ^C at any time to quit.
package name: (streams)
version: (1.0.0)                                                                     
description:                                                                         
entry point: (index.js)                                                              
test command:                                                                        
git repository:                                                                      
keywords:                                                                            
author:                                                                              
license: (ISC)                                                                       
About to write to C:\Users\tirth\OneDrive\Desktop\MERN Stack\Node JS\streams\package.json:

{
  "name": "streams",
  "version": "1.0.0",
  "description": "",
  "main": "index.js",
  "scripts": {
    "test": "echo \"Error: no test specified\" && exit 1"
  },
  "author": "",
  "license": "ISC"
}


Is this OK? (yes)
PS C:\Users\tirth\OneDrive\Desktop\MERN Stack\Node JS\streams> npm i express

added 64 packages, and audited 65 packages in 10s

12 packages are looking for funding
  run `npm fund` for details

found 0 vulnerabilities
PS C:\Users\tirth\OneDrive\Desktop\MERN Stack\Node JS\streams> npm i fs

added 1 package, and audited 66 packages in 1s

12 packages are looking for funding
  run `npm fund` for details

found 0 vulnerabilities
PS C:\Users\tirth\OneDrive\Desktop\MERN Stack\Node JS\streams> nodemon index.js
[nodemon] 3.1.0
[nodemon] to restart at any time, enter `rs`
[nodemon] watching path(s): *.*
[nodemon] watching extensions: js,mjs,cjs,json
[nodemon] starting `node index.js`
Server StartedPS C:\Users\tirth\OneDrive\Desktop\MERN Stack\Node JS\streams> npm init
This utility will walk you through creating a package.json file.
It only covers the most common items, and tries to guess sensible defaults.

See `npm help init` for definitive documentation on these fields
and exactly what they do.

Use `npm install <pkg>` afterwards to install a package and
save it as a dependency in the package.json file.

Press ^C at any time to quit.
package name: (streams)
version: (1.0.0)                                                                     
description:                                                                         
entry point: (index.js)                                                              
test command:                                                                        
git repository:                                                                      
keywords:                                                                            
author:                                                                              
license: (ISC)                                                                       
About to write to C:\Users\tirth\OneDrive\Desktop\MERN Stack\Node JS\streams\package.json:

{
  "name": "streams",
  "version": "1.0.0",
  "description": "",
  "main": "index.js",
  "scripts": {
    "test": "echo \"Error: no test specified\" && exit 1"
  },
  "author": "",
  "license": "ISC"
}


Is this OK? (yes)
PS C:\Users\tirth\OneDrive\Desktop\MERN Stack\Node JS\streams> npm i express

added 64 packages, and audited 65 packages in 10s

12 packages are looking for funding
  run `npm fund` for details

found 0 vulnerabilities
PS C:\Users\tirth\OneDrive\Desktop\MERN Stack\Node JS\streams> npm i fs

added 1 package, and audited 66 packages in 1s

12 packages are looking for funding
  run `npm fund` for details

found 0 vulnerabilities
PS C:\Users\tirth\OneDrive\Desktop\MERN Stack\Node JS\streams> nodemon index.js
[nodemon] 3.1.0
[nodemon] to restart at any time, enter `rs`
[nodemon] watching path(s): *.*
[nodemon] watching extensions: js,mjs,cjs,json
[nodemon] starting `node index.js`
Server StartedPS C:\Users\tirth\OneDrive\Desktop\MERN Stack\Node JS\streams> npm init
This utility will walk you through creating a package.json file.
It only covers the most common items, and tries to guess sensible defaults.

See `npm help init` for definitive documentation on these fields
and exactly what they do.

Use `npm install <pkg>` afterwards to install a package and
save it as a dependency in the package.json file.

Press ^C at any time to quit.
package name: (streams)
version: (1.0.0)                                                                     
description:                                                                         
entry point: (index.js)                                                              
test command:                                                                        
git repository:                                                                      
keywords:                                                                            
author:                                                                              
license: (ISC)                                                                       
About to write to C:\Users\tirth\OneDrive\Desktop\MERN Stack\Node JS\streams\package.json:

{
  "name": "streams",
  "version": "1.0.0",
  "description": "",
  "main": "index.js",
  "scripts": {
    "test": "echo \"Error: no test specified\" && exit 1"
  },
  "author": "",
  "license": "ISC"
}


Is this OK? (yes)
PS C:\Users\tirth\OneDrive\Desktop\MERN Stack\Node JS\streams> npm i express

added 64 packages, and audited 65 packages in 10s

12 packages are looking for funding
  run `npm fund` for details

found 0 vulnerabilities
PS C:\Users\tirth\OneDrive\Desktop\MERN Stack\Node JS\streams> npm i fs

added 1 package, and audited 66 packages in 1s

12 packages are looking for funding
  run `npm fund` for details

found 0 vulnerabilities
PS C:\Users\tirth\OneDrive\Desktop\MERN Stack\Node JS\streams> nodemon index.js
[nodemon] 3.1.0
[nodemon] to restart at any time, enter `rs`
[nodemon] watching path(s): *.*
[nodemon] watching extensions: js,mjs,cjs,json
[nodemon] starting `node index.js`
Server StartedPS C:\Users\tirth\OneDrive\Desktop\MERN Stack\Node JS\streams> npm init
This utility will walk you through creating a package.json file.
It only covers the most common items, and tries to guess sensible defaults.

See `npm help init` for definitive documentation on these fields
and exactly what they do.

Use `npm install <pkg>` afterwards to install a package and
save it as a dependency in the package.json file.

Press ^C at any time to quit.
package name: (streams)
version: (1.0.0)                                                                     
description:                                                                         
entry point: (index.js)                                                              
test command:                                                                        
git repository:                                                                      
keywords:                                                                            
author:                                                                              
license: (ISC)                                                                       
About to write to C:\Users\tirth\OneDrive\Desktop\MERN Stack\Node JS\streams\package.json:

{
  "name": "streams",
  "version": "1.0.0",
  "description": "",
  "main": "index.js",
  "scripts": {
    "test": "echo \"Error: no test specified\" && exit 1"
  },
  "author": "",
  "license": "ISC"
}


Is this OK? (yes)
PS C:\Users\tirth\OneDrive\Desktop\MERN Stack\Node JS\streams> npm i express

added 64 packages, and audited 65 packages in 10s

12 packages are looking for funding
  run `npm fund` for details

found 0 vulnerabilities
PS C:\Users\tirth\OneDrive\Desktop\MERN Stack\Node JS\streams> npm i fs

added 1 package, and audited 66 packages in 1s

12 packages are looking for funding
  run `npm fund` for details

found 0 vulnerabilities
PS C:\Users\tirth\OneDrive\Desktop\MERN Stack\Node JS\streams> nodemon index.js
[nodemon] 3.1.0
[nodemon] to restart at any time, enter `rs`
[nodemon] watching path(s): *.*
[nodemon] watching extensions: js,mjs,cjs,json
[nodemon] starting `node index.js`
Server StartedPS C:\Users\tirth\OneDrive\Desktop\MERN Stack\Node JS\streams> npm init
This utility will walk you through creating a package.json file.
It only covers the most common items, and tries to guess sensible defaults.

See `npm help init` for definitive documentation on these fields
and exactly what they do.

Use `npm install <pkg>` afterwards to install a package and
save it as a dependency in the package.json file.

Press ^C at any time to quit.
package name: (streams)
version: (1.0.0)                                                                     
description:                                                                         
entry point: (index.js)                                                              
test command:                                                                        
git repository:                                                                      
keywords:                                                                            
author:                                                                              
license: (ISC)                                                                       
About to write to C:\Users\tirth\OneDrive\Desktop\MERN Stack\Node JS\streams\package.json:

{
  "name": "streams",
  "version": "1.0.0",
  "description": "",
  "main": "index.js",
  "scripts": {
    "test": "echo \"Error: no test specified\" && exit 1"
  },
  "author": "",
  "license": "ISC"
}


Is this OK? (yes)
PS C:\Users\tirth\OneDrive\Desktop\MERN Stack\Node JS\streams> npm i express

added 64 packages, and audited 65 packages in 10s

12 packages are looking for funding
  run `npm fund` for details

found 0 vulnerabilities
PS C:\Users\tirth\OneDrive\Desktop\MERN Stack\Node JS\streams> npm i fs

added 1 package, and audited 66 packages in 1s

12 packages are looking for funding
  run `npm fund` for details

found 0 vulnerabilities
PS C:\Users\tirth\OneDrive\Desktop\MERN Stack\Node JS\streams> nodemon index.js
[nodemon] 3.1.0
[nodemon] to restart at any time, enter `rs`
[nodemon] watching path(s): *.*
[nodemon] watching extensions: js,mjs,cjs,json
[nodemon] starting `node index.js`
Server StartedPS C:\Users\tirth\OneDrive\Desktop\MERN Stack\Node JS\streams> npm init
This utility will walk you through creating a package.json file.
It only covers the most common items, and tries to guess sensible defaults.

See `npm help init` for definitive documentation on these fields
and exactly what they do.

Use `npm install <pkg>` afterwards to install a package and
save it as a dependency in the package.json file.

Press ^C at any time to quit.
package name: (streams)
version: (1.0.0)                                                                     
description:                                                                         
entry point: (index.js)                                                              
test command:                                                                        
git repository:                                                                      
keywords:                                                                            
author:                                                                              
license: (ISC)                                                                       
About to write to C:\Users\tirth\OneDrive\Desktop\MERN Stack\Node JS\streams\package.json:

{
  "name": "streams",
  "version": "1.0.0",
  "description": "",
  "main": "index.js",
  "scripts": {
    "test": "echo \"Error: no test specified\" && exit 1"
  },
  "author": "",
  "license": "ISC"
}


Is this OK? (yes)
PS C:\Users\tirth\OneDrive\Desktop\MERN Stack\Node JS\streams> npm i express

added 64 packages, and audited 65 packages in 10s

12 packages are looking for funding
  run `npm fund` for details

found 0 vulnerabilities
PS C:\Users\tirth\OneDrive\Desktop\MERN Stack\Node JS\streams> npm i fs

added 1 package, and audited 66 packages in 1s

12 packages are looking for funding
  run `npm fund` for details

found 0 vulnerabilities
PS C:\Users\tirth\OneDrive\Desktop\MERN Stack\Node JS\streams> nodemon index.js
[nodemon] 3.1.0
[nodemon] to restart at any time, enter `rs`
[nodemon] watching path(s): *.*
[nodemon] watching extensions: js,mjs,cjs,json
[nodemon] starting `node index.js`
Server StartedPS C:\Users\tirth\OneDrive\Desktop\MERN Stack\Node JS\streams> npm init
This utility will walk you through creating a package.json file.
It only covers the most common items, and tries to guess sensible defaults.

See `npm help init` for definitive documentation on these fields
and exactly what they do.

Use `npm install <pkg>` afterwards to install a package and
save it as a dependency in the package.json file.

Press ^C at any time to quit.
package name: (streams)
version: (1.0.0)                                                                     
description:                                                                         
entry point: (index.js)                                                              
test command:                                                                        
git repository:                                                                      
keywords:                                                                            
author:                                                                              
license: (ISC)                                                                       
About to write to C:\Users\tirth\OneDrive\Desktop\MERN Stack\Node JS\streams\package.json:

{
  "name": "streams",
  "version": "1.0.0",
  "description": "",
  "main": "index.js",
  "scripts": {
    "test": "echo \"Error: no test specified\" && exit 1"
  },
  "author": "",
  "license": "ISC"
}


Is this OK? (yes)
PS C:\Users\tirth\OneDrive\Desktop\MERN Stack\Node JS\streams> npm i express

added 64 packages, and audited 65 packages in 10s

12 packages are looking for funding
  run `npm fund` for details

found 0 vulnerabilities
PS C:\Users\tirth\OneDrive\Desktop\MERN Stack\Node JS\streams> npm i fs

added 1 package, and audited 66 packages in 1s

12 packages are looking for funding
  run `npm fund` for details

found 0 vulnerabilities
PS C:\Users\tirth\OneDrive\Desktop\MERN Stack\Node JS\streams> nodemon index.js
[nodemon] 3.1.0
[nodemon] to restart at any time, enter `rs`
[nodemon] watching path(s): *.*
[nodemon] watching extensions: js,mjs,cjs,json
[nodemon] starting `node index.js`
Server StartedPS C:\Users\tirth\OneDrive\Desktop\MERN Stack\Node JS\streams> npm init
This utility will walk you through creating a package.json file.
It only covers the most common items, and tries to guess sensible defaults.

See `npm help init` for definitive documentation on these fields
and exactly what they do.

Use `npm install <pkg>` afterwards to install a package and
save it as a dependency in the package.json file.

Press ^C at any time to quit.
package name: (streams)
version: (1.0.0)                                                                     
description:                                                                         
entry point: (index.js)                                                              
test command:                                                                        
git repository:                                                                      
keywords:                                                                            
author:                                                                              
license: (ISC)                                                                       
About to write to C:\Users\tirth\OneDrive\Desktop\MERN Stack\Node JS\streams\package.json:

{
  "name": "streams",
  "version": "1.0.0",
  "description": "",
  "main": "index.js",
  "scripts": {
    "test": "echo \"Error: no test specified\" && exit 1"
  },
  "author": "",
  "license": "ISC"
}


Is this OK? (yes)
PS C:\Users\tirth\OneDrive\Desktop\MERN Stack\Node JS\streams> npm i express

added 64 packages, and audited 65 packages in 10s

12 packages are looking for funding
  run `npm fund` for details

found 0 vulnerabilities
PS C:\Users\tirth\OneDrive\Desktop\MERN Stack\Node JS\streams> npm i fs

added 1 package, and audited 66 packages in 1s

12 packages are looking for funding
  run `npm fund` for details

found 0 vulnerabilities
PS C:\Users\tirth\OneDrive\Desktop\MERN Stack\Node JS\streams> nodemon index.js
[nodemon] 3.1.0
[nodemon] to restart at any time, enter `rs`
[nodemon] watching path(s): *.*
[nodemon] watching extensions: js,mjs,cjs,json
[nodemon] starting `node index.js`
Server StartedPS C:\Users\tirth\OneDrive\Desktop\MERN Stack\Node JS\streams> npm init
This utility will walk you through creating a package.json file.
It only covers the most common items, and tries to guess sensible defaults.

See `npm help init` for definitive documentation on these fields
and exactly what they do.

Use `npm install <pkg>` afterwards to install a package and
save it as a dependency in the package.json file.

Press ^C at any time to quit.
package name: (streams)
version: (1.0.0)                                                                     
description:                                                                         
entry point: (index.js)                                                              
test command:                                                                        
git repository:                                                                      
keywords:                                                                            
author:                                                                              
license: (ISC)                                                                       
About to write to C:\Users\tirth\OneDrive\Desktop\MERN Stack\Node JS\streams\package.json:

{
  "name": "streams",
  "version": "1.0.0",
  "description": "",
  "main": "index.js",
  "scripts": {
    "test": "echo \"Error: no test specified\" && exit 1"
  },
  "author": "",
  "license": "ISC"
}


Is this OK? (yes)
PS C:\Users\tirth\OneDrive\Desktop\MERN Stack\Node JS\streams> npm i express

added 64 packages, and audited 65 packages in 10s

12 packages are looking for funding
  run `npm fund` for details

found 0 vulnerabilities
PS C:\Users\tirth\OneDrive\Desktop\MERN Stack\Node JS\streams> npm i fs

added 1 package, and audited 66 packages in 1s

12 packages are looking for funding
  run `npm fund` for details

found 0 vulnerabilities
PS C:\Users\tirth\OneDrive\Desktop\MERN Stack\Node JS\streams> nodemon index.js
[nodemon] 3.1.0
[nodemon] to restart at any time, enter `rs`
[nodemon] watching path(s): *.*
[nodemon] watching extensions: js,mjs,cjs,json
[nodemon] starting `node index.js`
Server StartedPS C:\Users\tirth\OneDrive\Desktop\MERN Stack\Node JS\streams> npm init
This utility will walk you through creating a package.json file.
It only covers the most common items, and tries to guess sensible defaults.

See `npm help init` for definitive documentation on these fields
and exactly what they do.

Use `npm install <pkg>` afterwards to install a package and
save it as a dependency in the package.json file.

Press ^C at any time to quit.
package name: (streams)
version: (1.0.0)                                                                     
description:                                                                         
entry point: (index.js)                                                              
test command:                                                                        
git repository:                                                                      
keywords:                                                                            
author:                                                                              
license: (ISC)                                                                       
About to write to C:\Users\tirth\OneDrive\Desktop\MERN Stack\Node JS\streams\package.json:

{
  "name": "streams",
  "version": "1.0.0",
  "description": "",
  "main": "index.js",
  "scripts": {
    "test": "echo \"Error: no test specified\" && exit 1"
  },
  "author": "",
  "license": "ISC"
}


Is this OK? (yes)
PS C:\Users\tirth\OneDrive\Desktop\MERN Stack\Node JS\streams> npm i express

added 64 packages, and audited 65 packages in 10s

12 packages are looking for funding
  run `npm fund` for details

found 0 vulnerabilities
PS C:\Users\tirth\OneDrive\Desktop\MERN Stack\Node JS\streams> npm i fs

added 1 package, and audited 66 packages in 1s

12 packages are looking for funding
  run `npm fund` for details

found 0 vulnerabilities
PS C:\Users\tirth\OneDrive\Desktop\MERN Stack\Node JS\streams> nodemon index.js
[nodemon] 3.1.0
[nodemon] to restart at any time, enter `rs`
[nodemon] watching path(s): *.*
[nodemon] watching extensions: js,mjs,cjs,json
[nodemon] starting `node index.js`
Server StartedPS C:\Users\tirth\OneDrive\Desktop\MERN Stack\Node JS\streams> npm init
This utility will walk you through creating a package.json file.
It only covers the most common items, and tries to guess sensible defaults.

See `npm help init` for definitive documentation on these fields
and exactly what they do.

Use `npm install <pkg>` afterwards to install a package and
save it as a dependency in the package.json file.

Press ^C at any time to quit.
package name: (streams)
version: (1.0.0)                                                                     
description:                                                                         
entry point: (index.js)                                                              
test command:                                                                        
git repository:                                                                      
keywords:                                                                            
author:                                                                              
license: (ISC)                                                                       
About to write to C:\Users\tirth\OneDrive\Desktop\MERN Stack\Node JS\streams\package.json:

{
  "name": "streams",
  "version": "1.0.0",
  "description": "",
  "main": "index.js",
  "scripts": {
    "test": "echo \"Error: no test specified\" && exit 1"
  },
  "author": "",
  "license": "ISC"
}


Is this OK? (yes)
PS C:\Users\tirth\OneDrive\Desktop\MERN Stack\Node JS\streams> npm i express

added 64 packages, and audited 65 packages in 10s

12 packages are looking for funding
  run `npm fund` for details

found 0 vulnerabilities
PS C:\Users\tirth\OneDrive\Desktop\MERN Stack\Node JS\streams> npm i fs

added 1 package, and audited 66 packages in 1s

12 packages are looking for funding
  run `npm fund` for details

found 0 vulnerabilities
PS C:\Users\tirth\OneDrive\Desktop\MERN Stack\Node JS\streams> nodemon index.js
[nodemon] 3.1.0
[nodemon] to restart at any time, enter `rs`
[nodemon] watching path(s): *.*
[nodemon] watching extensions: js,mjs,cjs,json
[nodemon] starting `node index.js`
Server StartedPS C:\Users\tirth\OneDrive\Desktop\MERN Stack\Node JS\streams> npm init
This utility will walk you through creating a package.json file.
It only covers the most common items, and tries to guess sensible defaults.

See `npm help init` for definitive documentation on these fields
and exactly what they do.

Use `npm install <pkg>` afterwards to install a package and
save it as a dependency in the package.json file.

Press ^C at any time to quit.
package name: (streams)
version: (1.0.0)                                                                     
description:                                                                         
entry point: (index.js)                                                              
test command:                                                                        
git repository:                                                                      
keywords:                                                                            
author:                                                                              
license: (ISC)                                                                       
About to write to C:\Users\tirth\OneDrive\Desktop\MERN Stack\Node JS\streams\package.json:

{
  "name": "streams",
  "version": "1.0.0",
  "description": "",
  "main": "index.js",
  "scripts": {
    "test": "echo \"Error: no test specified\" && exit 1"
  },
  "author": "",
  "license": "ISC"
}


Is this OK? (yes)
PS C:\Users\tirth\OneDrive\Desktop\MERN Stack\Node JS\streams> npm i express

added 64 packages, and audited 65 packages in 10s

12 packages are looking for funding
  run `npm fund` for details

found 0 vulnerabilities
PS C:\Users\tirth\OneDrive\Desktop\MERN Stack\Node JS\streams> npm i fs

added 1 package, and audited 66 packages in 1s

12 packages are looking for funding
  run `npm fund` for details

found 0 vulnerabilities
PS C:\Users\tirth\OneDrive\Desktop\MERN Stack\Node JS\streams> nodemon index.js
[nodemon] 3.1.0
[nodemon] to restart at any time, enter `rs`
[nodemon] watching path(s): *.*
[nodemon] watching extensions: js,mjs,cjs,json
[nodemon] starting `node index.js`
Server StartedPS C:\Users\tirth\OneDrive\Desktop\MERN Stack\Node JS\streams> npm init
This utility will walk you through creating a package.json file.
It only covers the most common items, and tries to guess sensible defaults.

See `npm help init` for definitive documentation on these fields
and exactly what they do.

Use `npm install <pkg>` afterwards to install a package and
save it as a dependency in the package.json file.

Press ^C at any time to quit.
package name: (streams)
version: (1.0.0)                                                                     
description:                                                                         
entry point: (index.js)                                                              
test command:                                                                        
git repository:                                                                      
keywords:                                                                            
author:                                                                              
license: (ISC)                                                                       
About to write to C:\Users\tirth\OneDrive\Desktop\MERN Stack\Node JS\streams\package.json:

{
  "name": "streams",
  "version": "1.0.0",
  "description": "",
  "main": "index.js",
  "scripts": {
    "test": "echo \"Error: no test specified\" && exit 1"
  },
  "author": "",
  "license": "ISC"
}


Is this OK? (yes)
PS C:\Users\tirth\OneDrive\Desktop\MERN Stack\Node JS\streams> npm i express

added 64 packages, and audited 65 packages in 10s

12 packages are looking for funding
  run `npm fund` for details

found 0 vulnerabilities
PS C:\Users\tirth\OneDrive\Desktop\MERN Stack\Node JS\streams> npm i fs

added 1 package, and audited 66 packages in 1s

12 packages are looking for funding
  run `npm fund` for details

found 0 vulnerabilities
PS C:\Users\tirth\OneDrive\Desktop\MERN Stack\Node JS\streams> nodemon index.js
[nodemon] 3.1.0
[nodemon] to restart at any time, enter `rs`
[nodemon] watching path(s): *.*
[nodemon] watching extensions: js,mjs,cjs,json
[nodemon] starting `node index.js`
Server StartedPS C:\Users\tirth\OneDrive\Desktop\MERN Stack\Node JS\streams> npm init
This utility will walk you through creating a package.json file.
It only covers the most common items, and tries to guess sensible defaults.

See `npm help init` for definitive documentation on these fields
and exactly what they do.

Use `npm install <pkg>` afterwards to install a package and
save it as a dependency in the package.json file.

Press ^C at any time to quit.
package name: (streams)
version: (1.0.0)                                                                     
description:                                                                         
entry point: (index.js)                                                              
test command:                                                                        
git repository:                                                                      
keywords:                                                                            
author:                                                                              
license: (ISC)                                                                       
About to write to C:\Users\tirth\OneDrive\Desktop\MERN Stack\Node JS\streams\package.json:

{
  "name": "streams",
  "version": "1.0.0",
  "description": "",
  "main": "index.js",
  "scripts": {
    "test": "echo \"Error: no test specified\" && exit 1"
  },
  "author": "",
  "license": "ISC"
}


Is this OK? (yes)
PS C:\Users\tirth\OneDrive\Desktop\MERN Stack\Node JS\streams> npm i express

added 64 packages, and audited 65 packages in 10s

12 packages are looking for funding
  run `npm fund` for details

found 0 vulnerabilities
PS C:\Users\tirth\OneDrive\Desktop\MERN Stack\Node JS\streams> npm i fs

added 1 package, and audited 66 packages in 1s

12 packages are looking for funding
  run `npm fund` for details

found 0 vulnerabilities
PS C:\Users\tirth\OneDrive\Desktop\MERN Stack\Node JS\streams> nodemon index.js
[nodemon] 3.1.0
[nodemon] to restart at any time, enter `rs`
[nodemon] watching path(s): *.*
[nodemon] watching extensions: js,mjs,cjs,json
[nodemon] starting `node index.js`
Server StartedPS C:\Users\tirth\OneDrive\Desktop\MERN Stack\Node JS\streams> npm init
This utility will walk you through creating a package.json file.
It only covers the most common items, and tries to guess sensible defaults.

See `npm help init` for definitive documentation on these fields
and exactly what they do.

Use `npm install <pkg>` afterwards to install a package and
save it as a dependency in the package.json file.

Press ^C at any time to quit.
package name: (streams)
version: (1.0.0)                                                                     
description:                                                                         
entry point: (index.js)                                                              
test command:                                                                        
git repository:                                                                      
keywords:                                                                            
author:                                                                              
license: (ISC)                                                                       
About to write to C:\Users\tirth\OneDrive\Desktop\MERN Stack\Node JS\streams\package.json:

{
  "name": "streams",
  "version": "1.0.0",
  "description": "",
  "main": "index.js",
  "scripts": {
    "test": "echo \"Error: no test specified\" && exit 1"
  },
  "author": "",
  "license": "ISC"
}


Is this OK? (yes)
PS C:\Users\tirth\OneDrive\Desktop\MERN Stack\Node JS\streams> npm i express

added 64 packages, and audited 65 packages in 10s

12 packages are looking for funding
  run `npm fund` for details

found 0 vulnerabilities
PS C:\Users\tirth\OneDrive\Desktop\MERN Stack\Node JS\streams> npm i fs

added 1 package, and audited 66 packages in 1s

12 packages are looking for funding
  run `npm fund` for details

found 0 vulnerabilities
PS C:\Users\tirth\OneDrive\Desktop\MERN Stack\Node JS\streams> nodemon index.js
[nodemon] 3.1.0
[nodemon] to restart at any time, enter `rs`
[nodemon] watching path(s): *.*
[nodemon] watching extensions: js,mjs,cjs,json
[nodemon] starting `node index.js`
Server StartedPS C:\Users\tirth\OneDrive\Desktop\MERN Stack\Node JS\streams> npm init
This utility will walk you through creating a package.json file.
It only covers the most common items, and tries to guess sensible defaults.

See `npm help init` for definitive documentation on these fields
and exactly what they do.

Use `npm install <pkg>` afterwards to install a package and
save it as a dependency in the package.json file.

Press ^C at any time to quit.
package name: (streams)
version: (1.0.0)                                                                     
description:                                                                         
entry point: (index.js)                                                              
test command:                                                                        
git repository:                                                                      
keywords:                                                                            
author:                                                                              
license: (ISC)                                                                       
About to write to C:\Users\tirth\OneDrive\Desktop\MERN Stack\Node JS\streams\package.json:

{
  "name": "streams",
  "version": "1.0.0",
  "description": "",
  "main": "index.js",
  "scripts": {
    "test": "echo \"Error: no test specified\" && exit 1"
  },
  "author": "",
  "license": "ISC"
}


Is this OK? (yes)
PS C:\Users\tirth\OneDrive\Desktop\MERN Stack\Node JS\streams> npm i express

added 64 packages, and audited 65 packages in 10s

12 packages are looking for funding
  run `npm fund` for details

found 0 vulnerabilities
PS C:\Users\tirth\OneDrive\Desktop\MERN Stack\Node JS\streams> npm i fs

added 1 package, and audited 66 packages in 1s

12 packages are looking for funding
  run `npm fund` for details

found 0 vulnerabilities
PS C:\Users\tirth\OneDrive\Desktop\MERN Stack\Node JS\streams> nodemon index.js
[nodemon] 3.1.0
[nodemon] to restart at any time, enter `rs`
[nodemon] watching path(s): *.*
[nodemon] watching extensions: js,mjs,cjs,json
[nodemon] starting `node index.js`
Server StartedPS C:\Users\tirth\OneDrive\Desktop\MERN Stack\Node JS\streams> npm init
This utility will walk you through creating a package.json file.
It only covers the most common items, and tries to guess sensible defaults.

See `npm help init` for definitive documentation on these fields
and exactly what they do.

Use `npm install <pkg>` afterwards to install a package and
save it as a dependency in the package.json file.

Press ^C at any time to quit.
package name: (streams)
version: (1.0.0)                                                                     
description:                                                                         
entry point: (index.js)                                                              
test command:                                                                        
git repository:                                                                      
keywords:                                                                            
author:                                                                              
license: (ISC)                                                                       
About to write to C:\Users\tirth\OneDrive\Desktop\MERN Stack\Node JS\streams\package.json:

{
  "name": "streams",
  "version": "1.0.0",
  "description": "",
  "main": "index.js",
  "scripts": {
    "test": "echo \"Error: no test specified\" && exit 1"
  },
  "author": "",
  "license": "ISC"
}


Is this OK? (yes)
PS C:\Users\tirth\OneDrive\Desktop\MERN Stack\Node JS\streams> npm i express

added 64 packages, and audited 65 packages in 10s

12 packages are looking for funding
  run `npm fund` for details

found 0 vulnerabilities
PS C:\Users\tirth\OneDrive\Desktop\MERN Stack\Node JS\streams> npm i fs

added 1 package, and audited 66 packages in 1s

12 packages are looking for funding
  run `npm fund` for details

found 0 vulnerabilities
PS C:\Users\tirth\OneDrive\Desktop\MERN Stack\Node JS\streams> nodemon index.js
[nodemon] 3.1.0
[nodemon] to restart at any time, enter `rs`
[nodemon] watching path(s): *.*
[nodemon] watching extensions: js,mjs,cjs,json
[nodemon] starting `node index.js`
Server StartedPS C:\Users\tirth\OneDrive\Desktop\MERN Stack\Node JS\streams> npm init
This utility will walk you through creating a package.json file.
It only covers the most common items, and tries to guess sensible defaults.

See `npm help init` for definitive documentation on these fields
and exactly what they do.

Use `npm install <pkg>` afterwards to install a package and
save it as a dependency in the package.json file.

Press ^C at any time to quit.
package name: (streams)
version: (1.0.0)                                                                     
description:                                                                         
entry point: (index.js)                                                              
test command:                                                                        
git repository:                                                                      
keywords:                                                                            
author:                                                                              
license: (ISC)                                                                       
About to write to C:\Users\tirth\OneDrive\Desktop\MERN Stack\Node JS\streams\package.json:

{
  "name": "streams",
  "version": "1.0.0",
  "description": "",
  "main": "index.js",
  "scripts": {
    "test": "echo \"Error: no test specified\" && exit 1"
  },
  "author": "",
  "license": "ISC"
}


Is this OK? (yes)
PS C:\Users\tirth\OneDrive\Desktop\MERN Stack\Node JS\streams> npm i express

added 64 packages, and audited 65 packages in 10s

12 packages are looking for funding
  run `npm fund` for details

found 0 vulnerabilities
PS C:\Users\tirth\OneDrive\Desktop\MERN Stack\Node JS\streams> npm i fs

added 1 package, and audited 66 packages in 1s

12 packages are looking for funding
  run `npm fund` for details

found 0 vulnerabilities
PS C:\Users\tirth\OneDrive\Desktop\MERN Stack\Node JS\streams> nodemon index.js
[nodemon] 3.1.0
[nodemon] to restart at any time, enter `rs`
[nodemon] watching path(s): *.*
[nodemon] watching extensions: js,mjs,cjs,json
[nodemon] starting `node index.js`
Server StartedPS C:\Users\tirth\OneDrive\Desktop\MERN Stack\Node JS\streams> npm init
This utility will walk you through creating a package.json file.
It only covers the most common items, and tries to guess sensible defaults.

See `npm help init` for definitive documentation on these fields
and exactly what they do.

Use `npm install <pkg>` afterwards to install a package and
save it as a dependency in the package.json file.

Press ^C at any time to quit.
package name: (streams)
version: (1.0.0)                                                                     
description:                                                                         
entry point: (index.js)                                                              
test command:                                                                        
git repository:                                                                      
keywords:                                                                            
author:                                                                              
license: (ISC)                                                                       
About to write to C:\Users\tirth\OneDrive\Desktop\MERN Stack\Node JS\streams\package.json:

{
  "name": "streams",
  "version": "1.0.0",
  "description": "",
  "main": "index.js",
  "scripts": {
    "test": "echo \"Error: no test specified\" && exit 1"
  },
  "author": "",
  "license": "ISC"
}


Is this OK? (yes)
PS C:\Users\tirth\OneDrive\Desktop\MERN Stack\Node JS\streams> npm i express

added 64 packages, and audited 65 packages in 10s

12 packages are looking for funding
  run `npm fund` for details

found 0 vulnerabilities
PS C:\Users\tirth\OneDrive\Desktop\MERN Stack\Node JS\streams> npm i fs

added 1 package, and audited 66 packages in 1s

12 packages are looking for funding
  run `npm fund` for details

found 0 vulnerabilities
PS C:\Users\tirth\OneDrive\Desktop\MERN Stack\Node JS\streams> nodemon index.js
[nodemon] 3.1.0
[nodemon] to restart at any time, enter `rs`
[nodemon] watching path(s): *.*
[nodemon] watching extensions: js,mjs,cjs,json
[nodemon] starting `node index.js`
Server StartedPS C:\Users\tirth\OneDrive\Desktop\MERN Stack\Node JS\streams> npm init
This utility will walk you through creating a package.json file.
It only covers the most common items, and tries to guess sensible defaults.

See `npm help init` for definitive documentation on these fields
and exactly what they do.

Use `npm install <pkg>` afterwards to install a package and
save it as a dependency in the package.json file.

Press ^C at any time to quit.
package name: (streams)
version: (1.0.0)                                                                     
description:                                                                         
entry point: (index.js)                                                              
test command:                                                                        
git repository:                                                                      
keywords:                                                                            
author:                                                                              
license: (ISC)                                                                       
About to write to C:\Users\tirth\OneDrive\Desktop\MERN Stack\Node JS\streams\package.json:

{
  "name": "streams",
  "version": "1.0.0",
  "description": "",
  "main": "index.js",
  "scripts": {
    "test": "echo \"Error: no test specified\" && exit 1"
  },
  "author": "",
  "license": "ISC"
}


Is this OK? (yes)
PS C:\Users\tirth\OneDrive\Desktop\MERN Stack\Node JS\streams> npm i express

added 64 packages, and audited 65 packages in 10s

12 packages are looking for funding
  run `npm fund` for details

found 0 vulnerabilities
PS C:\Users\tirth\OneDrive\Desktop\MERN Stack\Node JS\streams> npm i fs

added 1 package, and audited 66 packages in 1s

12 packages are looking for funding
  run `npm fund` for details

found 0 vulnerabilities
PS C:\Users\tirth\OneDrive\Desktop\MERN Stack\Node JS\streams> nodemon index.js
[nodemon] 3.1.0
[nodemon] to restart at any time, enter `rs`
[nodemon] watching path(s): *.*
[nodemon] watching extensions: js,mjs,cjs,json
[nodemon] starting `node index.js`
Server StartedPS C:\Users\tirth\OneDrive\Desktop\MERN Stack\Node JS\streams> npm init
This utility will walk you through creating a package.json file.
It only covers the most common items, and tries to guess sensible defaults.

See `npm help init` for definitive documentation on these fields
and exactly what they do.

Use `npm install <pkg>` afterwards to install a package and
save it as a dependency in the package.json file.

Press ^C at any time to quit.
package name: (streams)
version: (1.0.0)                                                                     
description:                                                                         
entry point: (index.js)                                                              
test command:                                                                        
git repository:                                                                      
keywords:                                                                            
author:                                                                              
license: (ISC)                                                                       
About to write to C:\Users\tirth\OneDrive\Desktop\MERN Stack\Node JS\streams\package.json:

{
  "name": "streams",
  "version": "1.0.0",
  "description": "",
  "main": "index.js",
  "scripts": {
    "test": "echo \"Error: no test specified\" && exit 1"
  },
  "author": "",
  "license": "ISC"
}


Is this OK? (yes)
PS C:\Users\tirth\OneDrive\Desktop\MERN Stack\Node JS\streams> npm i express

added 64 packages, and audited 65 packages in 10s

12 packages are looking for funding
  run `npm fund` for details

found 0 vulnerabilities
PS C:\Users\tirth\OneDrive\Desktop\MERN Stack\Node JS\streams> npm i fs

added 1 package, and audited 66 packages in 1s

12 packages are looking for funding
  run `npm fund` for details

found 0 vulnerabilities
PS C:\Users\tirth\OneDrive\Desktop\MERN Stack\Node JS\streams> nodemon index.js
[nodemon] 3.1.0
[nodemon] to restart at any time, enter `rs`
[nodemon] watching path(s): *.*
[nodemon] watching extensions: js,mjs,cjs,json
[nodemon] starting `node index.js`
Server StartedPS C:\Users\tirth\OneDrive\Desktop\MERN Stack\Node JS\streams> npm init
This utility will walk you through creating a package.json file.
It only covers the most common items, and tries to guess sensible defaults.

See `npm help init` for definitive documentation on these fields
and exactly what they do.

Use `npm install <pkg>` afterwards to install a package and
save it as a dependency in the package.json file.

Press ^C at any time to quit.
package name: (streams)
version: (1.0.0)                                                                     
description:                                                                         
entry point: (index.js)                                                              
test command:                                                                        
git repository:                                                                      
keywords:                                                                            
author:                                                                              
license: (ISC)                                                                       
About to write to C:\Users\tirth\OneDrive\Desktop\MERN Stack\Node JS\streams\package.json:

{
  "name": "streams",
  "version": "1.0.0",
  "description": "",
  "main": "index.js",
  "scripts": {
    "test": "echo \"Error: no test specified\" && exit 1"
  },
  "author": "",
  "license": "ISC"
}


Is this OK? (yes)
PS C:\Users\tirth\OneDrive\Desktop\MERN Stack\Node JS\streams> npm i express

added 64 packages, and audited 65 packages in 10s

12 packages are looking for funding
  run `npm fund` for details

found 0 vulnerabilities
PS C:\Users\tirth\OneDrive\Desktop\MERN Stack\Node JS\streams> npm i fs

added 1 package, and audited 66 packages in 1s

12 packages are looking for funding
  run `npm fund` for details

found 0 vulnerabilities
PS C:\Users\tirth\OneDrive\Desktop\MERN Stack\Node JS\streams> nodemon index.js
[nodemon] 3.1.0
[nodemon] to restart at any time, enter `rs`
[nodemon] watching path(s): *.*
[nodemon] watching extensions: js,mjs,cjs,json
[nodemon] starting `node index.js`
Server StartedPS C:\Users\tirth\OneDrive\Desktop\MERN Stack\Node JS\streams> npm init
This utility will walk you through creating a package.json file.
It only covers the most common items, and tries to guess sensible defaults.

See `npm help init` for definitive documentation on these fields
and exactly what they do.

Use `npm install <pkg>` afterwards to install a package and
save it as a dependency in the package.json file.

Press ^C at any time to quit.
package name: (streams)
version: (1.0.0)                                                                     
description:                                                                         
entry point: (index.js)                                                              
test command:                                                                        
git repository:                                                                      
keywords:                                                                            
author:                                                                              
license: (ISC)                                                                       
About to write to C:\Users\tirth\OneDrive\Desktop\MERN Stack\Node JS\streams\package.json:

{
  "name": "streams",
  "version": "1.0.0",
  "description": "",
  "main": "index.js",
  "scripts": {
    "test": "echo \"Error: no test specified\" && exit 1"
  },
  "author": "",
  "license": "ISC"
}


Is this OK? (yes)
PS C:\Users\tirth\OneDrive\Desktop\MERN Stack\Node JS\streams> npm i express

added 64 packages, and audited 65 packages in 10s

12 packages are looking for funding
  run `npm fund` for details

found 0 vulnerabilities
PS C:\Users\tirth\OneDrive\Desktop\MERN Stack\Node JS\streams> npm i fs

added 1 package, and audited 66 packages in 1s

12 packages are looking for funding
  run `npm fund` for details

found 0 vulnerabilities
PS C:\Users\tirth\OneDrive\Desktop\MERN Stack\Node JS\streams> nodemon index.js
[nodemon] 3.1.0
[nodemon] to restart at any time, enter `rs`
[nodemon] watching path(s): *.*
[nodemon] watching extensions: js,mjs,cjs,json
[nodemon] starting `node index.js`
Server StartedPS C:\Users\tirth\OneDrive\Desktop\MERN Stack\Node JS\streams> npm init
This utility will walk you through creating a package.json file.
It only covers the most common items, and tries to guess sensible defaults.

See `npm help init` for definitive documentation on these fields
and exactly what they do.

Use `npm install <pkg>` afterwards to install a package and
save it as a dependency in the package.json file.

Press ^C at any time to quit.
package name: (streams)
version: (1.0.0)                                                                     
description:                                                                         
entry point: (index.js)                                                              
test command:                                                                        
git repository:                                                                      
keywords:                                                                            
author:                                                                              
license: (ISC)                                                                       
About to write to C:\Users\tirth\OneDrive\Desktop\MERN Stack\Node JS\streams\package.json:

{
  "name": "streams",
  "version": "1.0.0",
  "description": "",
  "main": "index.js",
  "scripts": {
    "test": "echo \"Error: no test specified\" && exit 1"
  },
  "author": "",
  "license": "ISC"
}


Is this OK? (yes)
PS C:\Users\tirth\OneDrive\Desktop\MERN Stack\Node JS\streams> npm i express

added 64 packages, and audited 65 packages in 10s

12 packages are looking for funding
  run `npm fund` for details

found 0 vulnerabilities
PS C:\Users\tirth\OneDrive\Desktop\MERN Stack\Node JS\streams> npm i fs

added 1 package, and audited 66 packages in 1s

12 packages are looking for funding
  run `npm fund` for details

found 0 vulnerabilities
PS C:\Users\tirth\OneDrive\Desktop\MERN Stack\Node JS\streams> nodemon index.js
[nodemon] 3.1.0
[nodemon] to restart at any time, enter `rs`
[nodemon] watching path(s): *.*
[nodemon] watching extensions: js,mjs,cjs,json
[nodemon] starting `node index.js`
Server StartedPS C:\Users\tirth\OneDrive\Desktop\MERN Stack\Node JS\streams> npm init
This utility will walk you through creating a package.json file.
It only covers the most common items, and tries to guess sensible defaults.

See `npm help init` for definitive documentation on these fields
and exactly what they do.

Use `npm install <pkg>` afterwards to install a package and
save it as a dependency in the package.json file.

Press ^C at any time to quit.
package name: (streams)
version: (1.0.0)                                                                     
description:                                                                         
entry point: (index.js)                                                              
test command:                                                                        
git repository:                                                                      
keywords:                                                                            
author:                                                                              
license: (ISC)                                                                       
About to write to C:\Users\tirth\OneDrive\Desktop\MERN Stack\Node JS\streams\package.json:

{
  "name": "streams",
  "version": "1.0.0",
  "description": "",
  "main": "index.js",
  "scripts": {
    "test": "echo \"Error: no test specified\" && exit 1"
  },
  "author": "",
  "license": "ISC"
}


Is this OK? (yes)
PS C:\Users\tirth\OneDrive\Desktop\MERN Stack\Node JS\streams> npm i express

added 64 packages, and audited 65 packages in 10s

12 packages are looking for funding
  run `npm fund` for details

found 0 vulnerabilities
PS C:\Users\tirth\OneDrive\Desktop\MERN Stack\Node JS\streams> npm i fs

added 1 package, and audited 66 packages in 1s

12 packages are looking for funding
  run `npm fund` for details

found 0 vulnerabilities
PS C:\Users\tirth\OneDrive\Desktop\MERN Stack\Node JS\streams> nodemon index.js
[nodemon] 3.1.0
[nodemon] to restart at any time, enter `rs`
[nodemon] watching path(s): *.*
[nodemon] watching extensions: js,mjs,cjs,json
[nodemon] starting `node index.js`
Server StartedPS C:\Users\tirth\OneDrive\Desktop\MERN Stack\Node JS\streams> npm init
This utility will walk you through creating a package.json file.
It only covers the most common items, and tries to guess sensible defaults.

See `npm help init` for definitive documentation on these fields
and exactly what they do.

Use `npm install <pkg>` afterwards to install a package and
save it as a dependency in the package.json file.

Press ^C at any time to quit.
package name: (streams)
version: (1.0.0)                                                                     
description:                                                                         
entry point: (index.js)                                                              
test command:                                                                        
git repository:                                                                      
keywords:                                                                            
author:                                                                              
license: (ISC)                                                                       
About to write to C:\Users\tirth\OneDrive\Desktop\MERN Stack\Node JS\streams\package.json:

{
  "name": "streams",
  "version": "1.0.0",
  "description": "",
  "main": "index.js",
  "scripts": {
    "test": "echo \"Error: no test specified\" && exit 1"
  },
  "author": "",
  "license": "ISC"
}


Is this OK? (yes)
PS C:\Users\tirth\OneDrive\Desktop\MERN Stack\Node JS\streams> npm i express

added 64 packages, and audited 65 packages in 10s

12 packages are looking for funding
  run `npm fund` for details

found 0 vulnerabilities
PS C:\Users\tirth\OneDrive\Desktop\MERN Stack\Node JS\streams> npm i fs

added 1 package, and audited 66 packages in 1s

12 packages are looking for funding
  run `npm fund` for details

found 0 vulnerabilities
PS C:\Users\tirth\OneDrive\Desktop\MERN Stack\Node JS\streams> nodemon index.js
[nodemon] 3.1.0
[nodemon] to restart at any time, enter `rs`
[nodemon] watching path(s): *.*
[nodemon] watching extensions: js,mjs,cjs,json
[nodemon] starting `node index.js`
Server StartedPS C:\Users\tirth\OneDrive\Desktop\MERN Stack\Node JS\streams> npm init
This utility will walk you through creating a package.json file.
It only covers the most common items, and tries to guess sensible defaults.

See `npm help init` for definitive documentation on these fields
and exactly what they do.

Use `npm install <pkg>` afterwards to install a package and
save it as a dependency in the package.json file.

Press ^C at any time to quit.
package name: (streams)
version: (1.0.0)                                                                     
description:                                                                         
entry point: (index.js)                                                              
test command:                                                                        
git repository:                                                                      
keywords:                                                                            
author:                                                                              
license: (ISC)                                                                       
About to write to C:\Users\tirth\OneDrive\Desktop\MERN Stack\Node JS\streams\package.json:

{
  "name": "streams",
  "version": "1.0.0",
  "description": "",
  "main": "index.js",
  "scripts": {
    "test": "echo \"Error: no test specified\" && exit 1"
  },
  "author": "",
  "license": "ISC"
}


Is this OK? (yes)
PS C:\Users\tirth\OneDrive\Desktop\MERN Stack\Node JS\streams> npm i express

added 64 packages, and audited 65 packages in 10s

12 packages are looking for funding
  run `npm fund` for details

found 0 vulnerabilities
PS C:\Users\tirth\OneDrive\Desktop\MERN Stack\Node JS\streams> npm i fs

added 1 package, and audited 66 packages in 1s

12 packages are looking for funding
  run `npm fund` for details

found 0 vulnerabilities
PS C:\Users\tirth\OneDrive\Desktop\MERN Stack\Node JS\streams> nodemon index.js
[nodemon] 3.1.0
[nodemon] to restart at any time, enter `rs`
[nodemon] watching path(s): *.*
[nodemon] watching extensions: js,mjs,cjs,json
[nodemon] starting `node index.js`
Server StartedPS C:\Users\tirth\OneDrive\Desktop\MERN Stack\Node JS\streams> npm init
This utility will walk you through creating a package.json file.
It only covers the most common items, and tries to guess sensible defaults.

See `npm help init` for definitive documentation on these fields
and exactly what they do.

Use `npm install <pkg>` afterwards to install a package and
save it as a dependency in the package.json file.

Press ^C at any time to quit.
package name: (streams)
version: (1.0.0)                                                                     
description:                                                                         
entry point: (index.js)                                                              
test command:                                                                        
git repository:                                                                      
keywords:                                                                            
author:                                                                              
license: (ISC)                                                                       
About to write to C:\Users\tirth\OneDrive\Desktop\MERN Stack\Node JS\streams\package.json:

{
  "name": "streams",
  "version": "1.0.0",
  "description": "",
  "main": "index.js",
  "scripts": {
    "test": "echo \"Error: no test specified\" && exit 1"
  },
  "author": "",
  "license": "ISC"
}


Is this OK? (yes)
PS C:\Users\tirth\OneDrive\Desktop\MERN Stack\Node JS\streams> npm i express

added 64 packages, and audited 65 packages in 10s

12 packages are looking for funding
  run `npm fund` for details

found 0 vulnerabilities
PS C:\Users\tirth\OneDrive\Desktop\MERN Stack\Node JS\streams> npm i fs

added 1 package, and audited 66 packages in 1s

12 packages are looking for funding
  run `npm fund` for details

found 0 vulnerabilities
PS C:\Users\tirth\OneDrive\Desktop\MERN Stack\Node JS\streams> nodemon index.js
[nodemon] 3.1.0
[nodemon] to restart at any time, enter `rs`
[nodemon] watching path(s): *.*
[nodemon] watching extensions: js,mjs,cjs,json
[nodemon] starting `node index.js`
Server StartedPS C:\Users\tirth\OneDrive\Desktop\MERN Stack\Node JS\streams> npm init
This utility will walk you through creating a package.json file.
It only covers the most common items, and tries to guess sensible defaults.

See `npm help init` for definitive documentation on these fields
and exactly what they do.

Use `npm install <pkg>` afterwards to install a package and
save it as a dependency in the package.json file.

Press ^C at any time to quit.
package name: (streams)
version: (1.0.0)                                                                     
description:                                                                         
entry point: (index.js)                                                              
test command:                                                                        
git repository:                                                                      
keywords:                                                                            
author:                                                                              
license: (ISC)                                                                       
About to write to C:\Users\tirth\OneDrive\Desktop\MERN Stack\Node JS\streams\package.json:

{
  "name": "streams",
  "version": "1.0.0",
  "description": "",
  "main": "index.js",
  "scripts": {
    "test": "echo \"Error: no test specified\" && exit 1"
  },
  "author": "",
  "license": "ISC"
}


Is this OK? (yes)
PS C:\Users\tirth\OneDrive\Desktop\MERN Stack\Node JS\streams> npm i express

added 64 packages, and audited 65 packages in 10s

12 packages are looking for funding
  run `npm fund` for details

found 0 vulnerabilities
PS C:\Users\tirth\OneDrive\Desktop\MERN Stack\Node JS\streams> npm i fs

added 1 package, and audited 66 packages in 1s

12 packages are looking for funding
  run `npm fund` for details

found 0 vulnerabilities
PS C:\Users\tirth\OneDrive\Desktop\MERN Stack\Node JS\streams> nodemon index.js
[nodemon] 3.1.0
[nodemon] to restart at any time, enter `rs`
[nodemon] watching path(s): *.*
[nodemon] watching extensions: js,mjs,cjs,json
[nodemon] starting `node index.js`
Server StartedPS C:\Users\tirth\OneDrive\Desktop\MERN Stack\Node JS\streams> npm init
This utility will walk you through creating a package.json file.
It only covers the most common items, and tries to guess sensible defaults.

See `npm help init` for definitive documentation on these fields
and exactly what they do.

Use `npm install <pkg>` afterwards to install a package and
save it as a dependency in the package.json file.

Press ^C at any time to quit.
package name: (streams)
version: (1.0.0)                                                                     
description:                                                                         
entry point: (index.js)                                                              
test command:                                                                        
git repository:                                                                      
keywords:                                                                            
author:                                                                              
license: (ISC)                                                                       
About to write to C:\Users\tirth\OneDrive\Desktop\MERN Stack\Node JS\streams\package.json:

{
  "name": "streams",
  "version": "1.0.0",
  "description": "",
  "main": "index.js",
  "scripts": {
    "test": "echo \"Error: no test specified\" && exit 1"
  },
  "author": "",
  "license": "ISC"
}


Is this OK? (yes)
PS C:\Users\tirth\OneDrive\Desktop\MERN Stack\Node JS\streams> npm i express

added 64 packages, and audited 65 packages in 10s

12 packages are looking for funding
  run `npm fund` for details

found 0 vulnerabilities
PS C:\Users\tirth\OneDrive\Desktop\MERN Stack\Node JS\streams> npm i fs

added 1 package, and audited 66 packages in 1s

12 packages are looking for funding
  run `npm fund` for details

found 0 vulnerabilities
PS C:\Users\tirth\OneDrive\Desktop\MERN Stack\Node JS\streams> nodemon index.js
[nodemon] 3.1.0
[nodemon] to restart at any time, enter `rs`
[nodemon] watching path(s): *.*
[nodemon] watching extensions: js,mjs,cjs,json
[nodemon] starting `node index.js`
Server StartedPS C:\Users\tirth\OneDrive\Desktop\MERN Stack\Node JS\streams> npm init
This utility will walk you through creating a package.json file.
It only covers the most common items, and tries to guess sensible defaults.

See `npm help init` for definitive documentation on these fields
and exactly what they do.

Use `npm install <pkg>` afterwards to install a package and
save it as a dependency in the package.json file.

Press ^C at any time to quit.
package name: (streams)
version: (1.0.0)                                                                     
description:                                                                         
entry point: (index.js)                                                              
test command:                                                                        
git repository:                                                                      
keywords:                                                                            
author:                                                                              
license: (ISC)                                                                       
About to write to C:\Users\tirth\OneDrive\Desktop\MERN Stack\Node JS\streams\package.json:

{
  "name": "streams",
  "version": "1.0.0",
  "description": "",
  "main": "index.js",
  "scripts": {
    "test": "echo \"Error: no test specified\" && exit 1"
  },
  "author": "",
  "license": "ISC"
}


Is this OK? (yes)
PS C:\Users\tirth\OneDrive\Desktop\MERN Stack\Node JS\streams> npm i express

added 64 packages, and audited 65 packages in 10s

12 packages are looking for funding
  run `npm fund` for details

found 0 vulnerabilities
PS C:\Users\tirth\OneDrive\Desktop\MERN Stack\Node JS\streams> npm i fs

added 1 package, and audited 66 packages in 1s

12 packages are looking for funding
  run `npm fund` for details

found 0 vulnerabilities
PS C:\Users\tirth\OneDrive\Desktop\MERN Stack\Node JS\streams> nodemon index.js
[nodemon] 3.1.0
[nodemon] to restart at any time, enter `rs`
[nodemon] watching path(s): *.*
[nodemon] watching extensions: js,mjs,cjs,json
[nodemon] starting `node index.js`
Server StartedPS C:\Users\tirth\OneDrive\Desktop\MERN Stack\Node JS\streams> npm init
This utility will walk you through creating a package.json file.
It only covers the most common items, and tries to guess sensible defaults.

See `npm help init` for definitive documentation on these fields
and exactly what they do.

Use `npm install <pkg>` afterwards to install a package and
save it as a dependency in the package.json file.

Press ^C at any time to quit.
package name: (streams)
version: (1.0.0)                                                                     
description:                                                                         
entry point: (index.js)                                                              
test command:                                                                        
git repository:                                                                      
keywords:                                                                            
author:                                                                              
license: (ISC)                                                                       
About to write to C:\Users\tirth\OneDrive\Desktop\MERN Stack\Node JS\streams\package.json:

{
  "name": "streams",
  "version": "1.0.0",
  "description": "",
  "main": "index.js",
  "scripts": {
    "test": "echo \"Error: no test specified\" && exit 1"
  },
  "author": "",
  "license": "ISC"
}


Is this OK? (yes)
PS C:\Users\tirth\OneDrive\Desktop\MERN Stack\Node JS\streams> npm i express

added 64 packages, and audited 65 packages in 10s

12 packages are looking for funding
  run `npm fund` for details

found 0 vulnerabilities
PS C:\Users\tirth\OneDrive\Desktop\MERN Stack\Node JS\streams> npm i fs

added 1 package, and audited 66 packages in 1s

12 packages are looking for funding
  run `npm fund` for details

found 0 vulnerabilities
PS C:\Users\tirth\OneDrive\Desktop\MERN Stack\Node JS\streams> nodemon index.js
[nodemon] 3.1.0
[nodemon] to restart at any time, enter `rs`
[nodemon] watching path(s): *.*
[nodemon] watching extensions: js,mjs,cjs,json
[nodemon] starting `node index.js`
Server StartedPS C:\Users\tirth\OneDrive\Desktop\MERN Stack\Node JS\streams> npm init
This utility will walk you through creating a package.json file.
It only covers the most common items, and tries to guess sensible defaults.

See `npm help init` for definitive documentation on these fields
and exactly what they do.

Use `npm install <pkg>` afterwards to install a package and
save it as a dependency in the package.json file.

Press ^C at any time to quit.
package name: (streams)
version: (1.0.0)                                                                     
description:                                                                         
entry point: (index.js)                                                              
test command:                                                                        
git repository:                                                                      
keywords:                                                                            
author:                                                                              
license: (ISC)                                                                       
About to write to C:\Users\tirth\OneDrive\Desktop\MERN Stack\Node JS\streams\package.json:

{
  "name": "streams",
  "version": "1.0.0",
  "description": "",
  "main": "index.js",
  "scripts": {
    "test": "echo \"Error: no test specified\" && exit 1"
  },
  "author": "",
  "license": "ISC"
}


Is this OK? (yes)
PS C:\Users\tirth\OneDrive\Desktop\MERN Stack\Node JS\streams> npm i express

added 64 packages, and audited 65 packages in 10s

12 packages are looking for funding
  run `npm fund` for details

found 0 vulnerabilities
PS C:\Users\tirth\OneDrive\Desktop\MERN Stack\Node JS\streams> npm i fs

added 1 package, and audited 66 packages in 1s

12 packages are looking for funding
  run `npm fund` for details

found 0 vulnerabilities
PS C:\Users\tirth\OneDrive\Desktop\MERN Stack\Node JS\streams> nodemon index.js
[nodemon] 3.1.0
[nodemon] to restart at any time, enter `rs`
[nodemon] watching path(s): *.*
[nodemon] watching extensions: js,mjs,cjs,json
[nodemon] starting `node index.js`
Server StartedPS C:\Users\tirth\OneDrive\Desktop\MERN Stack\Node JS\streams> npm init
This utility will walk you through creating a package.json file.
It only covers the most common items, and tries to guess sensible defaults.

See `npm help init` for definitive documentation on these fields
and exactly what they do.

Use `npm install <pkg>` afterwards to install a package and
save it as a dependency in the package.json file.

Press ^C at any time to quit.
package name: (streams)
version: (1.0.0)                                                                     
description:                                                                         
entry point: (index.js)                                                              
test command:                                                                        
git repository:                                                                      
keywords:                                                                            
author:                                                                              
license: (ISC)                                                                       
About to write to C:\Users\tirth\OneDrive\Desktop\MERN Stack\Node JS\streams\package.json:

{
  "name": "streams",
  "version": "1.0.0",
  "description": "",
  "main": "index.js",
  "scripts": {
    "test": "echo \"Error: no test specified\" && exit 1"
  },
  "author": "",
  "license": "ISC"
}


Is this OK? (yes)
PS C:\Users\tirth\OneDrive\Desktop\MERN Stack\Node JS\streams> npm i express

added 64 packages, and audited 65 packages in 10s

12 packages are looking for funding
  run `npm fund` for details

found 0 vulnerabilities
PS C:\Users\tirth\OneDrive\Desktop\MERN Stack\Node JS\streams> npm i fs

added 1 package, and audited 66 packages in 1s

12 packages are looking for funding
  run `npm fund` for details

found 0 vulnerabilities
PS C:\Users\tirth\OneDrive\Desktop\MERN Stack\Node JS\streams> nodemon index.js
[nodemon] 3.1.0
[nodemon] to restart at any time, enter `rs`
[nodemon] watching path(s): *.*
[nodemon] watching extensions: js,mjs,cjs,json
[nodemon] starting `node index.js`
Server StartedPS C:\Users\tirth\OneDrive\Desktop\MERN Stack\Node JS\streams> npm init
This utility will walk you through creating a package.json file.
It only covers the most common items, and tries to guess sensible defaults.

See `npm help init` for definitive documentation on these fields
and exactly what they do.

Use `npm install <pkg>` afterwards to install a package and
save it as a dependency in the package.json file.

Press ^C at any time to quit.
package name: (streams)
version: (1.0.0)                                                                     
description:                                                                         
entry point: (index.js)                                                              
test command:                                                                        
git repository:                                                                      
keywords:                                                                            
author:                                                                              
license: (ISC)                                                                       
About to write to C:\Users\tirth\OneDrive\Desktop\MERN Stack\Node JS\streams\package.json:

{
  "name": "streams",
  "version": "1.0.0",
  "description": "",
  "main": "index.js",
  "scripts": {
    "test": "echo \"Error: no test specified\" && exit 1"
  },
  "author": "",
  "license": "ISC"
}


Is this OK? (yes)
PS C:\Users\tirth\OneDrive\Desktop\MERN Stack\Node JS\streams> npm i express

added 64 packages, and audited 65 packages in 10s

12 packages are looking for funding
  run `npm fund` for details

found 0 vulnerabilities
PS C:\Users\tirth\OneDrive\Desktop\MERN Stack\Node JS\streams> npm i fs

added 1 package, and audited 66 packages in 1s

12 packages are looking for funding
  run `npm fund` for details

found 0 vulnerabilities
PS C:\Users\tirth\OneDrive\Desktop\MERN Stack\Node JS\streams> nodemon index.js
[nodemon] 3.1.0
[nodemon] to restart at any time, enter `rs`
[nodemon] watching path(s): *.*
[nodemon] watching extensions: js,mjs,cjs,json
[nodemon] starting `node index.js`
Server StartedPS C:\Users\tirth\OneDrive\Desktop\MERN Stack\Node JS\streams> npm init
This utility will walk you through creating a package.json file.
It only covers the most common items, and tries to guess sensible defaults.

See `npm help init` for definitive documentation on these fields
and exactly what they do.

Use `npm install <pkg>` afterwards to install a package and
save it as a dependency in the package.json file.

Press ^C at any time to quit.
package name: (streams)
version: (1.0.0)                                                                     
description:                                                                         
entry point: (index.js)                                                              
test command:                                                                        
git repository:                                                                      
keywords:                                                                            
author:                                                                              
license: (ISC)                                                                       
About to write to C:\Users\tirth\OneDrive\Desktop\MERN Stack\Node JS\streams\package.json:

{
  "name": "streams",
  "version": "1.0.0",
  "description": "",
  "main": "index.js",
  "scripts": {
    "test": "echo \"Error: no test specified\" && exit 1"
  },
  "author": "",
  "license": "ISC"
}


Is this OK? (yes)
PS C:\Users\tirth\OneDrive\Desktop\MERN Stack\Node JS\streams> npm i express

added 64 packages, and audited 65 packages in 10s

12 packages are looking for funding
  run `npm fund` for details

found 0 vulnerabilities
PS C:\Users\tirth\OneDrive\Desktop\MERN Stack\Node JS\streams> npm i fs

added 1 package, and audited 66 packages in 1s

12 packages are looking for funding
  run `npm fund` for details

found 0 vulnerabilities
PS C:\Users\tirth\OneDrive\Desktop\MERN Stack\Node JS\streams> nodemon index.js
[nodemon] 3.1.0
[nodemon] to restart at any time, enter `rs`
[nodemon] watching path(s): *.*
[nodemon] watching extensions: js,mjs,cjs,json
[nodemon] starting `node index.js`
Server StartedPS C:\Users\tirth\OneDrive\Desktop\MERN Stack\Node JS\streams> npm init
This utility will walk you through creating a package.json file.
It only covers the most common items, and tries to guess sensible defaults.

See `npm help init` for definitive documentation on these fields
and exactly what they do.

Use `npm install <pkg>` afterwards to install a package and
save it as a dependency in the package.json file.

Press ^C at any time to quit.
package name: (streams)
version: (1.0.0)                                                                     
description:                                                                         
entry point: (index.js)                                                              
test command:                                                                        
git repository:                                                                      
keywords:                                                                            
author:                                                                              
license: (ISC)                                                                       
About to write to C:\Users\tirth\OneDrive\Desktop\MERN Stack\Node JS\streams\package.json:

{
  "name": "streams",
  "version": "1.0.0",
  "description": "",
  "main": "index.js",
  "scripts": {
    "test": "echo \"Error: no test specified\" && exit 1"
  },
  "author": "",
  "license": "ISC"
}


Is this OK? (yes)
PS C:\Users\tirth\OneDrive\Desktop\MERN Stack\Node JS\streams> npm i express

added 64 packages, and audited 65 packages in 10s

12 packages are looking for funding
  run `npm fund` for details

found 0 vulnerabilities
PS C:\Users\tirth\OneDrive\Desktop\MERN Stack\Node JS\streams> npm i fs

added 1 package, and audited 66 packages in 1s

12 packages are looking for funding
  run `npm fund` for details

found 0 vulnerabilities
PS C:\Users\tirth\OneDrive\Desktop\MERN Stack\Node JS\streams> nodemon index.js
[nodemon] 3.1.0
[nodemon] to restart at any time, enter `rs`
[nodemon] watching path(s): *.*
[nodemon] watching extensions: js,mjs,cjs,json
[nodemon] starting `node index.js`
Server StartedPS C:\Users\tirth\OneDrive\Desktop\MERN Stack\Node JS\streams> npm init
This utility will walk you through creating a package.json file.
It only covers the most common items, and tries to guess sensible defaults.

See `npm help init` for definitive documentation on these fields
and exactly what they do.

Use `npm install <pkg>` afterwards to install a package and
save it as a dependency in the package.json file.

Press ^C at any time to quit.
package name: (streams)
version: (1.0.0)                                                                     
description:                                                                         
entry point: (index.js)                                                              
test command:                                                                        
git repository:                                                                      
keywords:                                                                            
author:                                                                              
license: (ISC)                                                                       
About to write to C:\Users\tirth\OneDrive\Desktop\MERN Stack\Node JS\streams\package.json:

{
  "name": "streams",
  "version": "1.0.0",
  "description": "",
  "main": "index.js",
  "scripts": {
    "test": "echo \"Error: no test specified\" && exit 1"
  },
  "author": "",
  "license": "ISC"
}


Is this OK? (yes)
PS C:\Users\tirth\OneDrive\Desktop\MERN Stack\Node JS\streams> npm i express

added 64 packages, and audited 65 packages in 10s

12 packages are looking for funding
  run `npm fund` for details

found 0 vulnerabilities
PS C:\Users\tirth\OneDrive\Desktop\MERN Stack\Node JS\streams> npm i fs

added 1 package, and audited 66 packages in 1s

12 packages are looking for funding
  run `npm fund` for details

found 0 vulnerabilities
PS C:\Users\tirth\OneDrive\Desktop\MERN Stack\Node JS\streams> nodemon index.js
[nodemon] 3.1.0
[nodemon] to restart at any time, enter `rs`
[nodemon] watching path(s): *.*
[nodemon] watching extensions: js,mjs,cjs,json
[nodemon] starting `node index.js`
Server StartedPS C:\Users\tirth\OneDrive\Desktop\MERN Stack\Node JS\streams> npm init
This utility will walk you through creating a package.json file.
It only covers the most common items, and tries to guess sensible defaults.

See `npm help init` for definitive documentation on these fields
and exactly what they do.

Use `npm install <pkg>` afterwards to install a package and
save it as a dependency in the package.json file.

Press ^C at any time to quit.
package name: (streams)
version: (1.0.0)                                                                     
description:                                                                         
entry point: (index.js)                                                              
test command:                                                                        
git repository:                                                                      
keywords:                                                                            
author:                                                                              
license: (ISC)                                                                       
About to write to C:\Users\tirth\OneDrive\Desktop\MERN Stack\Node JS\streams\package.json:

{
  "name": "streams",
  "version": "1.0.0",
  "description": "",
  "main": "index.js",
  "scripts": {
    "test": "echo \"Error: no test specified\" && exit 1"
  },
  "author": "",
  "license": "ISC"
}


Is this OK? (yes)
PS C:\Users\tirth\OneDrive\Desktop\MERN Stack\Node JS\streams> npm i express

added 64 packages, and audited 65 packages in 10s

12 packages are looking for funding
  run `npm fund` for details

found 0 vulnerabilities
PS C:\Users\tirth\OneDrive\Desktop\MERN Stack\Node JS\streams> npm i fs

added 1 package, and audited 66 packages in 1s

12 packages are looking for funding
  run `npm fund` for details

found 0 vulnerabilities
PS C:\Users\tirth\OneDrive\Desktop\MERN Stack\Node JS\streams> nodemon index.js
[nodemon] 3.1.0
[nodemon] to restart at any time, enter `rs`
[nodemon] watching path(s): *.*
[nodemon] watching extensions: js,mjs,cjs,json
[nodemon] starting `node index.js`
Server Started